exports[`test Button renders correctly 1`] = `
<div
  className="button">
  hi!
</div>
`;
