// Jest Snapshot v1, https://goo.gl/fbAQLP

exports[`hoisting should hoist jest.mock() 1`] = `
"\\"use strict\\";
var __importDefault = (this && this.__importDefault) || function (mod) {
    return (mod && mod.__esModule) ? mod : { \\"default\\": mod };
};
Object.defineProperty(exports, \\"__esModule\\", { value: true });
jest.mock('./upper', function () { return function (s) { return s.toUpperCase(); }; });
jest.mock('./lower', function () { return function (s) { return s.toLowerCase(); }; });
var upper_1 = __importDefault(require(\\"./upper\\"));
var lower_1 = __importDefault(require(\\"./lower\\"));
describe('hello', function () {
    test('my test', function () {
        expect(upper_1.default('hello')).toBe('HELLO');
        expect(lower_1.default('HELLO')).toBe('hello');
    });
});
"
`;
