// Jest Snapshot v1, https://goo.gl/fbAQLP

exports[`Simple test should pass using template "default" 1`] = `
  √ jest
  ↳ exit code: 0
  ===[ STDOUT ]===================================================================
  
  ===[ STDERR ]===================================================================
  PASS ./Hello.spec.ts
    Hello Class
      √ should create a new Hello
  
  Test Suites: 1 passed, 1 total
  Tests:       1 passed, 1 total
  Snapshots:   0 total
  Time:        XXs
  Ran all test suites.
  ================================================================================
`;

exports[`Simple test should pass using template "with-babel-6" 1`] = `
  √ jest
  ↳ exit code: 0
  ===[ STDOUT ]===================================================================
  
  ===[ STDERR ]===================================================================
  PASS ./Hello.spec.ts
    Hello Class
      √ should create a new Hello
  
  Test Suites: 1 passed, 1 total
  Tests:       1 passed, 1 total
  Snapshots:   0 total
  Time:        XXs
  Ran all test suites.
  ================================================================================
`;

exports[`Simple test should pass using template "with-babel-7" 1`] = `
  √ jest
  ↳ exit code: 0
  ===[ STDOUT ]===================================================================
  
  ===[ STDERR ]===================================================================
  PASS ./Hello.spec.ts
    Hello Class
      √ should create a new Hello
  
  Test Suites: 1 passed, 1 total
  Tests:       1 passed, 1 total
  Snapshots:   0 total
  Time:        XXs
  Ran all test suites.
  ================================================================================
`;

exports[`Simple test should pass using template "with-jest-22" 1`] = `
  √ jest
  ↳ exit code: 0
  ===[ STDOUT ]===================================================================
  
  ===[ STDERR ]===================================================================
  PASS ./Hello.spec.ts
    Hello Class
      √ should create a new Hello
  
  Test Suites: 1 passed, 1 total
  Tests:       1 passed, 1 total
  Snapshots:   0 total
  Time:        XXs
  Ran all test suites.
  ================================================================================
`;

exports[`Simple test should pass using template "with-typescript-2-7" 1`] = `
  √ jest
  ↳ exit code: 0
  ===[ STDOUT ]===================================================================
  
  ===[ STDERR ]===================================================================
  PASS ./Hello.spec.ts
    Hello Class
      √ should create a new Hello
  
  Test Suites: 1 passed, 1 total
  Tests:       1 passed, 1 total
  Snapshots:   0 total
  Time:        XXs
  Ran all test suites.
  ================================================================================
`;
