// Jest Snapshot v1, https://goo.gl/fbAQLP

exports[`Deprecated Jest transform value should log the depration message 1`] = `"[ts-jest][DEPRECATED] - replace any occurrences to \\"ts-jest/dist/preprocessor.js\\" or  \\"<rootDir>/node_modules/ts-jest/preprocessor.js\\" in the 'transform' section of your Jest config with just \\"ts-jest\\"."`;
