// Jest Snapshot v1, https://goo.gl/fbAQLP

exports[`Process regession tests Should not change the output of a process that has skipBabel set to true 1`] = `
"'use strict';require('ts-jest').install();\\"use strict\\";
var __awaiter = undefined && undefined.__awaiter || function (thisArg, _arguments, P, generator) {
    return new (P || (P = Promise))(function (resolve, reject) {
        function fulfilled(value) {try {step(generator.next(value));} catch (e) {reject(e);}}
        function rejected(value) {try {step(generator[\\"throw\\"](value));} catch (e) {reject(e);}}
        function step(result) {result.done ? resolve(result.value) : new P(function (resolve) {resolve(result.value);}).then(fulfilled, rejected);}
        step((generator = generator.apply(thisArg, _arguments || [])).next());
    });
};
var __generator = undefined && undefined.__generator || function (thisArg, body) {
    var _ = { label: 0, sent: function () {if (t[0] & 1) throw t[1];return t[1];}, trys: [], ops: [] },f,y,t,g;
    return g = { next: verb(0), \\"throw\\": verb(1), \\"return\\": verb(2) }, typeof Symbol === \\"function\\" && (g[Symbol.iterator] = function () {return this;}), g;
    function verb(n) {return function (v) {return step([n, v]);};}
    function step(op) {
        if (f) throw new TypeError(\\"Generator is already executing.\\");
        while (_) try {
            if (f = 1, y && (t = y[op[0] & 2 ? \\"return\\" : op[0] ? \\"throw\\" : \\"next\\"]) && !(t = t.call(y, op[1])).done) return t;
            if (y = 0, t) op = [0, t.value];
            switch (op[0]) {
                case 0:case 1:t = op;break;
                case 4:_.label++;return { value: op[1], done: false };
                case 5:_.label++;y = op[1];op = [0];continue;
                case 7:op = _.ops.pop();_.trys.pop();continue;
                default:
                    if (!(t = _.trys, t = t.length > 0 && t[t.length - 1]) && (op[0] === 6 || op[0] === 2)) {_ = 0;continue;}
                    if (op[0] === 3 && (!t || op[1] > t[0] && op[1] < t[3])) {_.label = op[1];break;}
                    if (op[0] === 6 && _.label < t[1]) {_.label = t[1];t = op;break;}
                    if (t && _.label < t[2]) {_.label = t[2];_.ops.push(op);break;}
                    if (t[2]) _.ops.pop();
                    _.trys.pop();continue;}

            op = body.call(thisArg, _);
        } catch (e) {op = [6, e];y = 0;} finally {f = t = 0;}
        if (op[0] & 5) throw op[1];return { value: op[0] ? op[1] : void 0, done: true };
    }
};
var _this = undefined;
exports.__esModule = true;
var module_1 = require(\\"../module\\");
require(\\"jest\\");
describe('the module which has no default export', function () {
    it('should return sensible values when trying to access its exports', function () {
        expect(module_1[\\"default\\"].someExport).toBe('someExport');
    });
});
function noop() {
    return __awaiter(this, void 0, void 0, function () {
        return __generator(this, function (_a) {
            return [2 /*return*/, Promise.resolve('noop')];
        });
    });
}
describe('async-await stuff', function () {
    it('should be compiled by TS not Babel', function (done) {return __awaiter(_this, void 0, void 0, function () {
            var g;
            return __generator(this, function (_a) {
                switch (_a.label) {
                    case 0:return [4 /*yield*/, noop()];
                    case 1:
                        g = _a.sent();
                        expect(g).toBe('noop');
                        done();
                        return [2 /*return*/];}

            });
        });});
});"
`;

exports[`Process regession tests Should not change the output of process that compiles .ts files 1`] = `
"'use strict';require('ts-jest').install();\\"use strict\\";
exports.__esModule = true;
var Hello = (function () {
    function Hello() {
        var greeting = \\"\\\\n      this\\\\n      is\\\\n      a\\\\n      multiline\\\\n      greeting\\\\n    \\";
        this.unexcuted(function () { });
        throw new Error('Hello error!');
    }
    Hello.prototype.unexcuted = function (action) {
        if (action === void 0) { action = function () { }; }
        if (action) {
            action();
        }
        else {
            console.log('unexcuted');
        }
    };
    return Hello;
}());
exports.Hello = Hello;
//# sourceMappingURL=data:application/json;base64,eyJ2ZXJzaW9uIjozLCJmaWxlIjoiSGVsbG8uanMiLCJzb3VyY2VSb290IjoiIiwic291cmNlcyI6WyJIZWxsby50cyJdLCJuYW1lcyI6W10sIm1hcHBpbmdzIjoiOztBQUFBO0lBQ0U7UUFDRSxJQUFNLFFBQVEsR0FBRyx3RUFNaEIsQ0FBQztRQUVGLElBQUksQ0FBQyxTQUFTLENBQUMsY0FBUSxDQUFDLENBQUMsQ0FBQztRQUUxQixNQUFNLElBQUksS0FBSyxDQUFDLGNBQWMsQ0FBQyxDQUFDO0lBQ2xDLENBQUM7SUFFTSx5QkFBUyxHQUFoQixVQUFpQixNQUE4QjtRQUE5Qix1QkFBQSxFQUFBLHVCQUE2QixDQUFDO1FBQzdDLEVBQUUsQ0FBQyxDQUFDLE1BQU0sQ0FBQyxDQUFDLENBQUM7WUFDWCxNQUFNLEVBQUUsQ0FBQztRQUNYLENBQUM7UUFBQyxJQUFJLENBQUMsQ0FBQztZQUNOLE9BQU8sQ0FBQyxHQUFHLENBQUMsV0FBVyxDQUFDLENBQUM7UUFDM0IsQ0FBQztJQUNILENBQUM7SUFDSCxZQUFDO0FBQUQsQ0FBQyxBQXRCRCxJQXNCQztBQXRCWSxzQkFBSyJ9"
`;

exports[`Process regession tests Should not change the output of process that compiles .ts files with syntheticdefaultimport 1`] = `
"'use strict';require('ts-jest').install();\\"use strict\\";



































var _module = require(\\"../module\\");var _module2 = _interopRequireDefault(_module);
require(\\"jest\\");function _interopRequireDefault(obj) {return obj && obj.__esModule ? obj : { default: obj };}var __awaiter = undefined && undefined.__awaiter || function (thisArg, _arguments, P, generator) {return new (P || (P = Promise))(function (resolve, reject) {function fulfilled(value) {try {step(generator.next(value));} catch (e) {reject(e);}}function rejected(value) {try {step(generator[\\"throw\\"](value));} catch (e) {reject(e);}}function step(result) {result.done ? resolve(result.value) : new P(function (resolve) {resolve(result.value);}).then(fulfilled, rejected);}step((generator = generator.apply(thisArg, _arguments || [])).next());});};var __generator = undefined && undefined.__generator || function (thisArg, body) {var _ = { label: 0, sent: function () {if (t[0] & 1) throw t[1];return t[1];}, trys: [], ops: [] },f,y,t,g;return g = { next: verb(0), \\"throw\\": verb(1), \\"return\\": verb(2) }, typeof Symbol === \\"function\\" && (g[Symbol.iterator] = function () {return this;}), g;function verb(n) {return function (v) {return step([n, v]);};}function step(op) {if (f) throw new TypeError(\\"Generator is already executing.\\");while (_) try {if (f = 1, y && (t = y[op[0] & 2 ? \\"return\\" : op[0] ? \\"throw\\" : \\"next\\"]) && !(t = t.call(y, op[1])).done) return t;if (y = 0, t) op = [0, t.value];switch (op[0]) {case 0:case 1:t = op;break;case 4:_.label++;return { value: op[1], done: false };case 5:_.label++;y = op[1];op = [0];continue;case 7:op = _.ops.pop();_.trys.pop();continue;default:if (!(t = _.trys, t = t.length > 0 && t[t.length - 1]) && (op[0] === 6 || op[0] === 2)) {_ = 0;continue;}if (op[0] === 3 && (!t || op[1] > t[0] && op[1] < t[3])) {_.label = op[1];break;}if (op[0] === 6 && _.label < t[1]) {_.label = t[1];t = op;break;}if (t && _.label < t[2]) {_.label = t[2];_.ops.push(op);break;}if (t[2]) _.ops.pop();_.trys.pop();continue;}op = body.call(thisArg, _);} catch (e) {op = [6, e];y = 0;} finally {f = t = 0;}if (op[0] & 5) throw op[1];return { value: op[0] ? op[1] : void 0, done: true };}};var _this = undefined;
describe('the module which has no default export', function () {
    it('should return sensible values when trying to access its exports', function () {
        expect(_module2.default.someExport).toBe('someExport');
    });
});
function noop() {
    return __awaiter(this, void 0, void 0, function () {
        return __generator(this, function (_a) {
            return [2 /*return*/, Promise.resolve('noop')];
        });
    });
}
describe('async-await stuff', function () {
    it('should be compiled by TS not Babel', function (done) {return __awaiter(_this, void 0, void 0, function () {
            var g;
            return __generator(this, function (_a) {
                switch (_a.label) {
                    case 0:return [4 /*yield*/, noop()];
                    case 1:
                        g = _a.sent();
                        expect(g).toBe('noop');
                        done();
                        return [2 /*return*/];}

            });
        });});
});"
`;

exports[`Process regession tests Should not change the output of process that compiles .tsx files 1`] = `
"'use strict';require('ts-jest').install();\\"use strict\\";
var __extends = (this && this.__extends) || (function () {
    var extendStatics = Object.setPrototypeOf ||
        ({ __proto__: [] } instanceof Array && function (d, b) { d.__proto__ = b; }) ||
        function (d, b) { for (var p in b) if (b.hasOwnProperty(p)) d[p] = b[p]; };
    return function (d, b) {
        extendStatics(d, b);
        function __() { this.constructor = d; }
        d.prototype = b === null ? Object.create(b) : (__.prototype = b.prototype, new __());
    };
})();
exports.__esModule = true;
var React = require(\\"react\\");
;
var Button = (function (_super) {
    __extends(Button, _super);
    function Button() {
        return _super !== null && _super.apply(this, arguments) || this;
    }
    Button.prototype.render = function () {
        return (<div className=\\"button\\">{this.props.children}</div>);
    };
    return Button;
}(React.Component));
exports.Button = Button;
var BadButton = (function (_super) {
    __extends(BadButton, _super);
    function BadButton() {
        return _super !== null && _super.apply(this, arguments) || this;
    }
    BadButton.prototype.render = function () {
        \\"\\\\n    \\\\n    \\";
        if (1 == 1)
            throw new Error('Error in Bad button');
        return (<div className=\\"bad-button\\">{this.props.children}</div>);
    };
    return BadButton;
}(React.Component));
exports.BadButton = BadButton;
//# sourceMappingURL=data:application/json;base64,eyJ2ZXJzaW9uIjozLCJmaWxlIjoiQnV0dG9uLmpzIiwic291cmNlUm9vdCI6IiIsInNvdXJjZXMiOlsiQnV0dG9uLnRzeCJdLCJuYW1lcyI6W10sIm1hcHBpbmdzIjoiOzs7Ozs7Ozs7Ozs7QUFBQSw2QkFBK0I7QUFFTixDQUFDO0FBRTFCO0lBQTRCLDBCQUFrQztJQUE5RDs7SUFNQSxDQUFDO0lBTEMsdUJBQU0sR0FBTjtRQUNFLE1BQU0sQ0FBQyxDQUNMLENBQUMsR0FBRyxDQUFDLFNBQVMsQ0FBQyxRQUFRLENBQUMsQ0FBQyxJQUFJLENBQUMsS0FBSyxDQUFDLFFBQVEsQ0FBQyxFQUFFLEdBQUcsQ0FBQyxDQUNwRCxDQUFDO0lBQ0osQ0FBQztJQUNILGFBQUM7QUFBRCxDQUFDLEFBTkQsQ0FBNEIsS0FBSyxDQUFDLFNBQVMsR0FNMUM7QUFOWSx3QkFBTTtBQVFuQjtJQUErQiw2QkFBa0M7SUFBakU7O0lBVUEsQ0FBQztJQVRDLDBCQUFNLEdBQU47UUFDRSxjQUVDLENBQUM7UUFDRixFQUFFLENBQUMsQ0FBQyxDQUFDLElBQUksQ0FBQyxDQUFDO1lBQUMsTUFBTSxJQUFJLEtBQUssQ0FBQyxxQkFBcUIsQ0FBQyxDQUFDO1FBQ25ELE1BQU0sQ0FBQyxDQUNMLENBQUMsR0FBRyxDQUFDLFNBQVMsQ0FBQyxZQUFZLENBQUMsQ0FBQyxJQUFJLENBQUMsS0FBSyxDQUFDLFFBQVEsQ0FBQyxFQUFFLEdBQUcsQ0FBQyxDQUN4RCxDQUFDO0lBQ0osQ0FBQztJQUNILGdCQUFDO0FBQUQsQ0FBQyxBQVZELENBQStCLEtBQUssQ0FBQyxTQUFTLEdBVTdDO0FBVlksOEJBQVMifQ=="
`;

exports[`Process regession tests Should not change the output of process that compiles .tsx files with syntheticdefaultimport 1`] = `
"'use strict';require('ts-jest').install();\\"use strict\\";Object.defineProperty(exports, \\"__esModule\\", { value: true });exports.BadButton = exports.Button = undefined;









var _react = require(\\"react\\");var React = _interopRequireWildcard(_react);function _interopRequireWildcard(obj) {if (obj && obj.__esModule) {return obj;} else {var newObj = {};if (obj != null) {for (var key in obj) {if (Object.prototype.hasOwnProperty.call(obj, key)) newObj[key] = obj[key];}}newObj.default = obj;return newObj;}}var __extends = undefined && undefined.__extends || function () {var extendStatics = Object.setPrototypeOf || { __proto__: [] } instanceof Array && function (d, b) {d.__proto__ = b;} || function (d, b) {for (var p in b) if (b.hasOwnProperty(p)) d[p] = b[p];};return function (d, b) {extendStatics(d, b);function __() {this.constructor = d;}d.prototype = b === null ? Object.create(b) : (__.prototype = b.prototype, new __());};}();
;
var Button = function (_super) {
    __extends(Button, _super);
    function Button() {
        return _super !== null && _super.apply(this, arguments) || this;
    }
    Button.prototype.render = function () {
        return React.createElement(\\"div\\", { className: \\"button\\" }, this.props.children);
    };
    return Button;
}(React.Component);exports.
Button = Button;
var BadButton = function (_super) {
    __extends(BadButton, _super);
    function BadButton() {
        return _super !== null && _super.apply(this, arguments) || this;
    }
    BadButton.prototype.render = function () {
        \\"\\\\n    \\\\n    \\";
        if (1 == 1)
        throw new Error('Error in Bad button');
        return React.createElement(\\"div\\", { className: \\"bad-button\\" }, this.props.children);
    };
    return BadButton;
}(React.Component);exports.
BadButton = BadButton;"
`;
