// Jest Snapshot v1, https://goo.gl/fbAQLP

exports[`process hoisting should hoist jest.mock calls using babel 1`] = `
"
\\"use strict\\";

jest.mock('./upper', function () {
    return function (s) {
        return s.toUpperCase();
    };
});
var __importDefault = this && this.__importDefault || function (mod) {
    return mod && mod.__esModule ? mod : { \\"default\\": mod };
};
var upper_1 = __importDefault(require(\\"./upper\\"));
var lower_1 = __importDefault(require(\\"./lower\\"));describe('hello', function () {
    test('my test', function () {
        jest.mock('./lower', function () {
            return function (s) {
                return s.toLowerCase();
            };
        });

        expect(upper_1.default('hello')).toBe('HELLO');
        expect(lower_1.default('HELLO')).toBe('hello');
    });
});
//# sourceMappingURL=data:application/json;charset=utf-8;base64,eyJ2ZXJzaW9uIjozLCJzb3VyY2VzIjpbImZpbGUudHMiXSwibmFtZXMiOlsiamVzdCIsIm1vY2siLCJzIiwidG9VcHBlckNhc2UiLCJfX2ltcG9ydERlZmF1bHQiLCJtb2QiLCJfX2VzTW9kdWxlIiwidXBwZXJfMSIsInJlcXVpcmUiLCJsb3dlcl8xIiwiZGVzY3JpYmUiLCJ0ZXN0IiwidG9Mb3dlckNhc2UiLCJleHBlY3QiLCJkZWZhdWx0IiwidG9CZSJdLCJtYXBwaW5ncyI6IjtBQUNBOztBQU1BQSxLQUFLQyxJQUFMLENBQVUsU0FBVixFQUFxQixZQUFZO0FBQUUsV0FBTyxVQUFVQyxDQUFWLEVBQWE7QUFBRSxlQUFPQSxFQUFFQyxXQUFGLEVBQVA7QUFBeUIsS0FBL0M7QUFBa0QsQ0FBckY7QUFMQSxJQUFJQyxrQkFBbUIsUUFBUSxLQUFLQSxlQUFkLElBQWtDLFVBQVVDLEdBQVYsRUFBZTtBQUNuRSxXQUFRQSxPQUFPQSxJQUFJQyxVQUFaLEdBQTBCRCxHQUExQixHQUFnQyxFQUFFLFdBQVdBLEdBQWIsRUFBdkM7QUFDSCxDQUZEO0FBR0EsSUFBSUUsVUFBVUgsZ0JBQWdCSSxRQUFRLFNBQVIsQ0FBaEIsQ0FBZDtBQUNBLElBQUlDLFVBQVVMLGdCQUFnQkksUUFBUSxTQUFSLENBQWhCLENBQWQsQ0FFQUUsU0FBUyxPQUFULEVBQWtCLFlBQVk7QUFDMUJDLFNBQUssU0FBTCxFQUFnQixZQUFZO0FBR3hCWCxhQUFLQyxJQUFMLENBQVUsU0FBVixFQUFxQixZQUFZO0FBQUUsbUJBQU8sVUFBVUMsQ0FBVixFQUFhO0FBQUUsdUJBQU9BLEVBQUVVLFdBQUYsRUFBUDtBQUF5QixhQUEvQztBQUFrRCxTQUFyRjs7QUFGQUMsZUFBT04sUUFBUU8sT0FBUixDQUFnQixPQUFoQixDQUFQLEVBQWlDQyxJQUFqQyxDQUFzQyxPQUF0QztBQUNBRixlQUFPSixRQUFRSyxPQUFSLENBQWdCLE9BQWhCLENBQVAsRUFBaUNDLElBQWpDLENBQXNDLE9BQXRDO0FBRUgsS0FKRDtBQUtILENBTkQiLCJmaWxlIjoiZmlsZS50cyIsInNvdXJjZXNDb250ZW50IjpbIlxuXCJ1c2Ugc3RyaWN0XCI7XG52YXIgX19pbXBvcnREZWZhdWx0ID0gKHRoaXMgJiYgdGhpcy5fX2ltcG9ydERlZmF1bHQpIHx8IGZ1bmN0aW9uIChtb2QpIHtcbiAgICByZXR1cm4gKG1vZCAmJiBtb2QuX19lc01vZHVsZSkgPyBtb2QgOiB7IFwiZGVmYXVsdFwiOiBtb2QgfTtcbn07XG52YXIgdXBwZXJfMSA9IF9faW1wb3J0RGVmYXVsdChyZXF1aXJlKFwiLi91cHBlclwiKSk7XG52YXIgbG93ZXJfMSA9IF9faW1wb3J0RGVmYXVsdChyZXF1aXJlKFwiLi9sb3dlclwiKSk7XG5qZXN0Lm1vY2soJy4vdXBwZXInLCBmdW5jdGlvbiAoKSB7IHJldHVybiBmdW5jdGlvbiAocykgeyByZXR1cm4gcy50b1VwcGVyQ2FzZSgpOyB9OyB9KTtcbmRlc2NyaWJlKCdoZWxsbycsIGZ1bmN0aW9uICgpIHtcbiAgICB0ZXN0KCdteSB0ZXN0JywgZnVuY3Rpb24gKCkge1xuICAgICAgICBleHBlY3QodXBwZXJfMS5kZWZhdWx0KCdoZWxsbycpKS50b0JlKCdIRUxMTycpO1xuICAgICAgICBleHBlY3QobG93ZXJfMS5kZWZhdWx0KCdIRUxMTycpKS50b0JlKCdoZWxsbycpO1xuICAgICAgICBqZXN0Lm1vY2soJy4vbG93ZXInLCBmdW5jdGlvbiAoKSB7IHJldHVybiBmdW5jdGlvbiAocykgeyByZXR1cm4gcy50b0xvd2VyQ2FzZSgpOyB9OyB9KTtcbiAgICB9KTtcbn0pO1xuIl19"
`;

exports[`process stringifyContentPathRegex should create a module with stringified content as export 1`] = `"module.exports=\\"\\\\n<div>\\\\n  <span>some text with \`backtilt\`</span>\\\\n</div>\\\\n\\""`;
